##################
#  SUS filter
#  Unsuses the web by blocking creepy ads and nonconsensual data theft
#  This filter block ads and tracking sites
#  Created on 22nd May of 2021
##################
graph.facebook.com
pixel.facebook.com
adtools.facebook.com
analytics.facebook.com
ads.facebook.com
ads-twitter.com
static.ads-twitter.com
analytics.twitter.com
ads.linkedin.com
analytics.pointdrive.linkedin.com
ads.yahoo.com
amazon-adsystem.com
metrics.apple.com
securemetrics.apple.com
supportmetrics.apple.com
trackingshipment.apple.com
sessions.bugsnag.com
notify.bugsnag.com
ad.doubleclick.net
youtube.cleverads.vn
cleverads.vn
media.fastclick.net
freshmarketer.com
google-analytics.com
ads.youtube.com
pagead.googleadservices.com
pagead.googlesyndication.com
pagead2.googleadservices.com
pagead2.googlesyndication.com
mads.amazon-adsystem.com
aax.amazon-adsystem.com
c.amazon-adsystem.com
static.media.net
doubleclick.net
hotjar.com
static.hotjar.com
mouseflow.com
a.mouseflow.com
browser.sentry-cdn.com
ads.pinterest.com
analytics.pinterest.com
log.pinterest.com
ads.reddit.com
events.redditmedia.com
tiktok.com
ads.tiktok.com
analytics.tiktok.com
global.adserver.yahoo.com
analytics.yahoo.com
ads.yap.yahoo.com
appmetrica.yandex.com
yandexechange.com
adssdk.yandex.ru
tracking.miui.com
tracking.intl.miui.com
analytics.oneplus.cn
samsungads.com
insights.samsung.com
smetrics.samsung.com
config.samsunngads.com
jetpack.wordpress.com
stats.wp.com
match.adsrvr.org
adsrvr.org
tsyndicate.com
mopinion.com
iubenda.com
liliy9aydje10.com
buhatfjrk9dje10eme.com
payingnoodlescam.com
493b98cce8bc1a2dd.com
rozamimo9za10.com
widgets.outbrain.com
secure.quantserve.com
sb.scorecardsearch.com
adservice.google.com
adservice.google.ru
z.moatads.com
tinypass.com
connect.facebook.com
connect.facebook.net
graph.facebook.net
pixel.facebook.net
adtools.facebook.net
analytics.facebook.net
snap.licdn.com
aaxads.com
adform.net
adnxs.com
ib.adnxs.com
akadns.net
adgrx.com
static.criteo.net
criteo.net
criteo.com
adsafeprotected.com
geolocation.forbes.com
munchkin.marketo.net
match.deepintent.com
chartbeat.com
improving.duckduckgo.com
taboola.com
zemanta.com
ad4m.at
advertising.com
bfmio.com
contextweb.com
pulsepoint.com
consensu.org
dotmetrics.net
googletagservices.com
googletagmanager.com
scorecardresearch.com
parsely.com
cpx.to
ml314.com
d2wy8f7a9ursnm.cloudfront.net
adservetx.media.net
aan.amazon.com
cdn.luckyorange.com
w1.luckyorange.com
upload.luckyorange.net
cs.luckyorange.net
settings.luckyorange.net
trk.pinterest.com
ct.pinterest.com
analytics.mobile.yandex.net
adsdk.yandex.ru
analytics-api.samsunghealthcn.com
metrics.mzstatic.com
metrics.icloud.com
click.oneplus.com
gstatic.com
id.google.com
cxense.com
privacy-mgmt.com
rebel.ai
permutive.com
dianomi.com
scroll.com
crwdcntrl.net
piano.io
gstaticadssl.l.google.com
lottery.com
echo.cx
detectadblock.com
footprint.net
uk-script.dotmetrics.com
securpubads.g.doubleclick.net
stats.g.doubleclick.net
skimresources.com
dualstack.k.sni.global.fastly.net
sharethis.com
cloudflareinsights.com
adspruce.com
addthis.com
onclickgenius.com
pubmine.com
iponweb.net
onclickperformance.com
media.net
data.mistat.intl.xiaomi.com
ad-delivery.net
newrelic.com
crazyegg.com
segment.com
cdn.segment.com
swiftype.net
swiftype.com
nr-data.net
ggpht.com
static.doubleclick.net
googleusercontent.com
googleadservices.com
googlesyndication.com
googleoptimize.com
geolocation.onetrust.com
sentry.io
adlightning.com
alexametrics.com
amplitude.com
doubleverify.com
yieldlove.com
typekit.net
histats.com
onesignal.com
viglink.com
collector.githubapp.com
selfishsnake.com
ads.servebom.com
ezoic.net
ezodn.com
casalemedia.com
yandexadexchange.net
extmaps-api.yandex.net
sdkconfig.ad.xiaomi.com
ad.xiaomi.com
www.cdn.ad.xiaomi.com
stat.xiaomi.com
logservice.hicloud.com
logservice1.hicloud.com
logbak.hicloud.com
open.oneplus.net
drift.com
driftt.com
js.driftt.com
driftcdn.com
player.adtelligent.com
ahacdn.me
aniview.com
delivercdn.com
pixiedust.buzzfeed.com
geoedge.be
player.aniview.com
geodns.me
pubmatic.com
yahoodns.net
delivery.vidible.tv
log.uniconsent.com
id5-sync.com
sharedid.org
sonobi.com
pixel.wp.com
addtoany.com
static.addtoany.com
www.google-analytics.com
boxx.ai
js.boxx.ai
konverse.ai
netcoresmartech.com
netcore.co.in
trilyo.com
snap.licdn.com
perfectaudience.com
sharpspring.com
prfct.co
pixel-geo.prfct.co
smartadserver.com
pubwise.io
aralego.com
fastlane.rubiconproject.com
aralego.com
sync.aralego.com
marketo.com
mktoedge.com
ipify.org
leadmanagerfx.com
t.leadmanagerfx.com
omappapi.com
optinmonster.com
ahrefs.com
semrush.com
kissmetrics.io
analytics.adobe.com
clicky.com
disqus.com
shopify.com
eviltracker.net
tgwidget.com
freychang.fun
glogoowo.net
vlitag.com
a-ads.com
ads.com
samsungadhub.com
bannersnack.com
steadfastsystem.com
maps.googleapis.com
betterprovokesap.com
bureaucracyambiguousfellow.com
exhaustedannulmentaccredited.com
suspicionsvaluable.com
stagepopkek.com
failsubjective.com
zeotap.com
proclaimsubjected.com
shakentherepasta.com
squallcircuit.com
whippedfreezerbegun.com
astra9dlya10.com
gemius.pl
paddle.com
